+++++DUMP+++++
Total memory: 32 bytes
Total allocated memory: 27 bytes
Total free memory: 5 bytes
Free blocks: 1
Number of allocated blocks: 4
Number of malloc calls: 4
Number of fragmentations: 2
Number of free calls: 0
Blocks with 5 bytes - 1 free block(s) : 0x1c
Allocated blocks : (0x1 - 8) (0x9 - 8) (0x11 - 6) (0x17 - 5)
-----DUMP-----
+++++DUMP+++++
Total memory: 32 bytes
Total allocated memory: 22 bytes
Total free memory: 10 bytes
Free blocks: 1
Number of allocated blocks: 3
Number of malloc calls: 4
Number of fragmentations: 2
Number of free calls: 1
Blocks with 10 bytes - 1 free block(s) : 0x17
Allocated blocks : (0x1 - 8) (0x9 - 8) (0x11 - 6)
-----DUMP-----
+++++DUMP+++++
Total memory: 32 bytes
Total allocated memory: 16 bytes
Total free memory: 16 bytes
Free blocks: 1
Number of allocated blocks: 2
Number of malloc calls: 4
Number of fragmentations: 2
Number of free calls: 2
Blocks with 16 bytes - 1 free block(s) : 0x11
Allocated blocks : (0x1 - 8) (0x9 - 8)
-----DUMP-----
